src/app/actions/hero.ts(21,7): error TS2322: Type '{ url: string; order: number; }[]' is not assignable to type 'HeroSliderImageCreateManyInput | HeroSliderImageCreateManyInput[]'.
  Type '{ url: string; order: number; }[]' is not assignable to type 'HeroSliderImageCreateManyInput[]'.
    Property 'storeId' is missing in type '{ url: string; order: number; }' but required in type 'HeroSliderImageCreateManyInput'.
src/app/actions/order.ts(44,7): error TS2322: Type '{ customerName: string; customerPhone: string; customerAddress: string; totalAmount: number; discountAmount: number; couponId: number | undefined; items: { create: { productId: number; quantity: number; priceAtTime: number; }[]; }; }' is not assignable to type '(Without<OrderCreateInput, OrderUncheckedCreateInput> & OrderUncheckedCreateInput) | (Without<...> & OrderCreateInput)'.
  Type '{ customerName: string; customerPhone: string; customerAddress: string; totalAmount: number; discountAmount: number; couponId: number | undefined; items: { create: { productId: number; quantity: number; priceAtTime: number; }[]; }; }' is not assignable to type 'Without<OrderUncheckedCreateInput, OrderCreateInput> & OrderCreateInput'.
    Type '{ customerName: string; customerPhone: string; customerAddress: string; totalAmount: number; discountAmount: number; couponId: number | undefined; items: { create: { productId: number; quantity: number; priceAtTime: number; }[]; }; }' is not assignable to type 'Without<OrderUncheckedCreateInput, OrderCreateInput>'.
      Types of property 'couponId' are incompatible.
        Type 'number | undefined' is not assignable to type 'undefined'.
          Type 'number' is not assignable to type 'undefined'.
src/app/actions/product.ts(26,5): error TS2322: Type '{ name: string; description: string; actualPrice: number; sellingPrice: number; stock: number; categoryId: number; isVisible: true; isTrending: boolean; }' is not assignable to type '(Without<ProductCreateInput, ProductUncheckedCreateInput> & ProductUncheckedCreateInput) | (Without<...> & ProductCreateInput)'.
  Type '{ name: string; description: string; actualPrice: number; sellingPrice: number; stock: number; categoryId: number; isVisible: true; isTrending: boolean; }' is not assignable to type 'Without<ProductCreateInput, ProductUncheckedCreateInput> & ProductUncheckedCreateInput'.
    Property 'storeId' is missing in type '{ name: string; description: string; actualPrice: number; sellingPrice: number; stock: number; categoryId: number; isVisible: true; isTrending: boolean; }' but required in type 'ProductUncheckedCreateInput'.
src/app/actions/settings.ts(19,5): error TS2322: Type '{ key: string; }' is not assignable to type 'SettingWhereUniqueInput'.
  Type '{ key: string; }' is not assignable to type '{ id: number; storeId_key: SettingStoreIdKeyCompoundUniqueInput; } & { id?: number | undefined; storeId_key?: SettingStoreIdKeyCompoundUniqueInput | undefined; ... 6 more ...; store?: (Without<...> & StoreWhereInput) | ... 1 more ... | undefined; }'.
    Type '{ key: string; }' is missing the following properties from type '{ id: number; storeId_key: SettingStoreIdKeyCompoundUniqueInput; }': id, storeId_key
src/app/actions/settings.ts(21,5): error TS2322: Type '{ key: string; value: string; }' is not assignable to type '(Without<SettingCreateInput, SettingUncheckedCreateInput> & SettingUncheckedCreateInput) | (Without<...> & SettingCreateInput)'.
  Type '{ key: string; value: string; }' is not assignable to type 'Without<SettingUncheckedCreateInput, SettingCreateInput> & SettingCreateInput'.
    Property 'store' is missing in type '{ key: string; value: string; }' but required in type 'SettingCreateInput'.
